Archive member included to satisfy reference by file (symbol)

/Applications/STM32CubeIDE.app/Contents/Eclipse/plugins/com.st.stm32cube.ide.mcu.externaltools.gnu-tools-for-stm32.13.3.rel1.macos64_1.0.100.202509120712/tools/bin/../lib/gcc/arm-none-eabi/13.3.1/../../../../arm-none-eabi/lib/thumb/v7e-m+fp/hard/libc_nano.a(libc_a-exit.o)
                              /Applications/STM32CubeIDE.app/Contents/Eclipse/plugins/com.st.stm32cube.ide.mcu.externaltools.gnu-tools-for-stm32.13.3.rel1.macos64_1.0.100.202509120712/tools/bin/../lib/gcc/arm-none-eabi/13.3.1/../../../../arm-none-eabi/lib/thumb/v7e-m+fp/hard/crt0.o (exit)
/Applications/STM32CubeIDE.app/Contents/Eclipse/plugins/com.st.stm32cube.ide.mcu.externaltools.gnu-tools-for-stm32.13.3.rel1.macos64_1.0.100.202509120712/tools/bin/../lib/gcc/arm-none-eabi/13.3.1/../../../../arm-none-eabi/lib/thumb/v7e-m+fp/hard/libc_nano.a(libc_a-findfp.o)
                              /Applications/STM32CubeIDE.app/Contents/Eclipse/plugins/com.st.stm32cube.ide.mcu.externaltools.gnu-tools-for-stm32.13.3.rel1.macos64_1.0.100.202509120712/tools/bin/../lib/gcc/arm-none-eabi/13.3.1/../../../../arm-none-eabi/lib/thumb/v7e-m+fp/hard/libc_nano.a(libc_a-exit.o) (__stdio_exit_handler)
/Applications/STM32CubeIDE.app/Contents/Eclipse/plugins/com.st.stm32cube.ide.mcu.externaltools.gnu-tools-for-stm32.13.3.rel1.macos64_1.0.100.202509120712/tools/bin/../lib/gcc/arm-none-eabi/13.3.1/../../../../arm-none-eabi/lib/thumb/v7e-m+fp/hard/libc_nano.a(libc_a-fwalk.o)
                              /Applications/STM32CubeIDE.app/Contents/Eclipse/plugins/com.st.stm32cube.ide.mcu.externaltools.gnu-tools-for-stm32.13.3.rel1.macos64_1.0.100.202509120712/tools/bin/../lib/gcc/arm-none-eabi/13.3.1/../../../../arm-none-eabi/lib/thumb/v7e-m+fp/hard/libc_nano.a(libc_a-findfp.o) (_fwalk_sglue)
/Applications/STM32CubeIDE.app/Contents/Eclipse/plugins/com.st.stm32cube.ide.mcu.externaltools.gnu-tools-for-stm32.13.3.rel1.macos64_1.0.100.202509120712/tools/bin/../lib/gcc/arm-none-eabi/13.3.1/../../../../arm-none-eabi/lib/thumb/v7e-m+fp/hard/libc_nano.a(libc_a-memset.o)
                              /Applications/STM32CubeIDE.app/Contents/Eclipse/plugins/com.st.stm32cube.ide.mcu.externaltools.gnu-tools-for-stm32.13.3.rel1.macos64_1.0.100.202509120712/tools/bin/../lib/gcc/arm-none-eabi/13.3.1/../../../../arm-none-eabi/lib/thumb/v7e-m+fp/hard/crt0.o (memset)
/Applications/STM32CubeIDE.app/Contents/Eclipse/plugins/com.st.stm32cube.ide.mcu.externaltools.gnu-tools-for-stm32.13.3.rel1.macos64_1.0.100.202509120712/tools/bin/../lib/gcc/arm-none-eabi/13.3.1/../../../../arm-none-eabi/lib/thumb/v7e-m+fp/hard/libc_nano.a(libc_a-errno.o)
                              ./Src/syscalls.o (__errno)
/Applications/STM32CubeIDE.app/Contents/Eclipse/plugins/com.st.stm32cube.ide.mcu.externaltools.gnu-tools-for-stm32.13.3.rel1.macos64_1.0.100.202509120712/tools/bin/../lib/gcc/arm-none-eabi/13.3.1/../../../../arm-none-eabi/lib/thumb/v7e-m+fp/hard/libc_nano.a(libc_a-init.o)
                              /Applications/STM32CubeIDE.app/Contents/Eclipse/plugins/com.st.stm32cube.ide.mcu.externaltools.gnu-tools-for-stm32.13.3.rel1.macos64_1.0.100.202509120712/tools/bin/../lib/gcc/arm-none-eabi/13.3.1/../../../../arm-none-eabi/lib/thumb/v7e-m+fp/hard/crt0.o (__libc_init_array)
/Applications/STM32CubeIDE.app/Contents/Eclipse/plugins/com.st.stm32cube.ide.mcu.externaltools.gnu-tools-for-stm32.13.3.rel1.macos64_1.0.100.202509120712/tools/bin/../lib/gcc/arm-none-eabi/13.3.1/../../../../arm-none-eabi/lib/thumb/v7e-m+fp/hard/libc_nano.a(libc_a-lock.o)
                              /Applications/STM32CubeIDE.app/Contents/Eclipse/plugins/com.st.stm32cube.ide.mcu.externaltools.gnu-tools-for-stm32.13.3.rel1.macos64_1.0.100.202509120712/tools/bin/../lib/gcc/arm-none-eabi/13.3.1/../../../../arm-none-eabi/lib/thumb/v7e-m+fp/hard/libc_nano.a(libc_a-findfp.o) (__retarget_lock_init_recursive)
/Applications/STM32CubeIDE.app/Contents/Eclipse/plugins/com.st.stm32cube.ide.mcu.externaltools.gnu-tools-for-stm32.13.3.rel1.macos64_1.0.100.202509120712/tools/bin/../lib/gcc/arm-none-eabi/13.3.1/../../../../arm-none-eabi/lib/thumb/v7e-m+fp/hard/libc_nano.a(libc_a-impure.o)
                              /Applications/STM32CubeIDE.app/Contents/Eclipse/plugins/com.st.stm32cube.ide.mcu.externaltools.gnu-tools-for-stm32.13.3.rel1.macos64_1.0.100.202509120712/tools/bin/../lib/gcc/arm-none-eabi/13.3.1/../../../../arm-none-eabi/lib/thumb/v7e-m+fp/hard/libc_nano.a(libc_a-errno.o) (_impure_ptr)
/Applications/STM32CubeIDE.app/Contents/Eclipse/plugins/com.st.stm32cube.ide.mcu.externaltools.gnu-tools-for-stm32.13.3.rel1.macos64_1.0.100.202509120712/tools/bin/../lib/gcc/arm-none-eabi/13.3.1/../../../../arm-none-eabi/lib/thumb/v7e-m+fp/hard/libc_nano.a(libc_a-mallocr.o)
[...]
Memory Configuration

Name             Origin             Length             Attributes
RAM              0x20000000         0x00020000         xrw
FLASH            0x08000000         0x00080000         xr
*default*        0x00000000         0xffffffff

Linker script and memory map

LOAD /Applications/STM32CubeIDE.app/Contents/Eclipse/plugins/com.st.stm32cube.ide.mcu.externaltools.gnu-tools-for-stm32.13.3.rel1.macos64_1.0.100.202509120712/tools/bin/../lib/gcc/arm-none-eabi/13.3.1/thumb/v7e-m+fp/hard/crti.o
LOAD /Applications/STM32CubeIDE.app/Contents/Eclipse/plugins/com.st.stm32cube.ide.mcu.externaltools.gnu-tools-for-stm32.13.3.rel1.macos64_1.0.100.202509120712/tools/bin/../lib/gcc/arm-none-eabi/13.3.1/thumb/v7e-m+fp/hard/crtbegin.o
LOAD /Applications/STM32CubeIDE.app/Contents/Eclipse/plugins/com.st.stm32cube.ide.mcu.externaltools.gnu-tools-for-stm32.13.3.rel1.macos64_1.0.100.202509120712/tools/bin/../lib/gcc/arm-none-eabi/13.3.1/../../../../arm-none-eabi/lib/thumb/v7e-m+fp/hard/crt0.o
LOAD ./Src/ADC.o
LOAD ./Src/DMA.o
LOAD ./Src/Itoa.o
LOAD ./Src/Tim2.o
LOAD ./Src/lab_uart.o
LOAD ./Src/main.o
LOAD ./Src/syscalls.o
LOAD ./Src/sysmem.o
LOAD ./Startup/startup_stm32f446retx.o
START GROUP
LOAD /Applications/STM32CubeIDE.app/Contents/Eclipse/plugins/com.st.stm32cube.ide.mcu.externaltools.gnu-tools-for-stm32.13.3.rel1.macos64_1.0.100.202509120712/tools/bin/../lib/gcc/arm-none-eabi/13.3.1/../../../../arm-none-eabi/lib/thumb/v7e-m+fp/hard/libc_nano.a
LOAD /Applications/STM32CubeIDE.app/Contents/Eclipse/plugins/com.st.stm32cube.ide.mcu.externaltools.gnu-tools-for-stm32.13.3.rel1.macos64_1.0.100.202509120712/tools/bin/../lib/gcc/arm-none-eabi/13.3.1/../../../../arm-none-eabi/lib/thumb/v7e-m+fp/hard/libm.a
END GROUP
START GROUP
LOAD /Applications/STM32CubeIDE.app/Contents/Eclipse/plugins/com.st.stm32cube.ide.mcu.externaltools.gnu-tools-for-stm32.13.3.rel1.macos64_1.0.100.202509120712/tools/bin/../lib/gcc/arm-none-eabi/13.3.1/thumb/v7e-m+fp/hard/libgcc.a
LOAD /Applications/STM32CubeIDE.app/Contents/Eclipse/plugins/com.st.stm32cube.ide.mcu.externaltools.gnu-tools-for-stm32.13.3.rel1.macos64_1.0.100.202509120712/tools/bin/../lib/gcc/arm-none-eabi/13.3.1/../../../../arm-none-eabi/lib/thumb/v7e-m+fp/hard/libc_nano.a
END GROUP
START GROUP
LOAD /Applications/STM32CubeIDE.app/Contents/Eclipse/plugins/com.st.stm32cube.ide.mcu.externaltools.gnu-tools-for-stm32.13.3.rel1.macos64_1.0.100.202509120712/tools/bin/../lib/gcc/arm-none-eabi/13.3.1/thumb/v7e-m+fp/hard/libgcc.a
LOAD /Applications/STM32CubeIDE.app/Contents/Eclipse/plugins/com.st.stm32cube.ide.mcu.externaltools.gnu-tools-for-stm32.13.3.rel1.macos64_1.0.100.202509120712/tools/bin/../lib/gcc/arm-none-eabi/13.3.1/../../../../arm-none-eabi/lib/thumb/v7e-m+fp/hard/libc_nano.a
LOAD /Applications/STM32CubeIDE.app/Contents/Eclipse/plugins/com.st.stm32cube.ide.mcu.externaltools.gnu-tools-for-stm32.13.3.rel1.macos64_1.0.100.202509120712/tools/bin/../lib/gcc/arm-none-eabi/13.3.1/../../../../arm-none-eabi/lib/thumb/v7e-m+fp/hard/libnosys.a
END GROUP
START GROUP
LOAD /Applications/STM32CubeIDE.app/Contents/Eclipse/plugins/com.st.stm32cube.ide.mcu.externaltools.gnu-tools-for-stm32.13.3.rel1.macos64_1.0.100.202509120712/tools/bin/../lib/gcc/arm-none-eabi/13.3.1/thumb/v7e-m+fp/hard/libgcc.a
LOAD /Applications/STM32CubeIDE.app/Contents/Eclipse/plugins/com.st.stm32cube.ide.mcu.externaltools.gnu-tools-for-stm32.13.3.rel1.macos64_1.0.100.202509120712/tools/bin/../lib/gcc/arm-none-eabi/13.3.1/../../../../arm-none-eabi/lib/thumb/v7e-m+fp/hard/libc_nano.a
LOAD /Applications/STM32CubeIDE.app/Contents/Eclipse/plugins/com.st.stm32cube.ide.mcu.externaltools.gnu-tools-for-stm32.13.3.rel1.macos64_1.0.100.202509120712/tools/bin/../lib/gcc/arm-none-eabi/13.3.1/../../../../arm-none-eabi/lib/thumb/v7e-m+fp/hard/libnosys.a
END GROUP
LOAD /Applications/STM32CubeIDE.app/Contents/Eclipse/plugins/com.st.stm32cube.ide.mcu.externaltools.gnu-tools-for-stm32.13.3.rel1.macos64_1.0.100.202509120712/tools/bin/../lib/gcc/arm-none-eabi/13.3.1/thumb/v7e-m+fp/hard/crtend.o
LOAD /Applications/STM32CubeIDE.app/Contents/Eclipse/plugins/com.st.stm32cube.ide.mcu.externaltools.gnu-tools-for-stm32.13.3.rel1.macos64_1.0.100.202509120712/tools/bin/../lib/gcc/arm-none-eabi/13.3.1/thumb/v7e-m+fp/hard/crtn.o
                0x20020000                        _estack = (ORIGIN (RAM) + LENGTH (RAM))
                0x00000200                        _Min_Heap_Size = 0x200
                0x00000400                        _Min_Stack_Size = 0x400

.isr_vector     0x08000000      0x1c4
                0x08000000                        . = ALIGN (0x4)
 *(.isr_vector)
 .isr_vector    0x08000000      0x1c4 ./Startup/startup_stm32f446retx.o
                0x08000000                g_pfnVectors
                0x080001c4                        . = ALIGN (0x4)

.text           0x080001c4      0x3d8
                0x080001c4                        . = ALIGN (0x4)
 *(.text)
 .text          0x080001c4       0x40 /Applications/STM32CubeIDE.app/Contents/Eclipse/plugins/com.st.stm32cube.ide.mcu.externaltools.gnu-tools-for-stm32.13.3.rel1.macos64_1.0.100.202509120712/tools/bin/../lib/gcc/arm-none-eabi/13.3.1/thumb/v7e-m+fp/hard/crtbegin.o
 .text          0x08000204       0xa4 ./Src/ADC.o
                0x08000204                adc_init
                0x08000278                adc_convert
 .text          0x080002a8       0xcc ./Src/DMA.o
                0x080002a8                DMA2_Init
                0x080002f0                DMA_Init
 .text          0x08000374       0x72 ./Src/Itoa.o
                0x08000374                Itoa
 *fill*         0x080003e6        0x2 
 .text          0x080003e8       0x3c ./Src/Tim2.o
                0x080003e8                TIM2_Init
 .text          0x08000424       0x70 ./Src/lab_uart.o
                0x08000424                UART_init
                0x08000478                UART_SendChar
 .text          0x08000494       0x54 ./Src/main.o
                0x08000494                main
 *(.text*)
 .text.Reset_Handler
                0x080004e8       0x50 ./Startup/startup_stm32f446retx.o
                0x080004e8                Reset_Handler
 .text.Default_Handler
                0x08000538        0x2 ./Startup/startup_stm32f446retx.o
                0x08000538                DMA1_Stream3_IRQHandler
                0x08000538                EXTI2_IRQHandler
                0x08000538                TIM8_CC_IRQHandler
                0x08000538                SPDIF_Rx_IRQHandler
                0x08000538                DebugMon_Handler
                0x08000538                SPI4_IRQHandler
                0x08000538                TIM1_CC_IRQHandler
                0x08000538                QuadSPI_IRQHandler
                0x08000538                DMA2_Stream5_IRQHandler
                0x08000538                HardFault_Handler
                0x08000538                DMA1_Stream5_IRQHandler
                0x08000538                SysTick_Handler
                0x08000538                PVD_IRQHandler
                0x08000538                SDIO_IRQHandler
                0x08000538                TAMP_STAMP_IRQHandler
                0x08000538                PendSV_Handler
                0x08000538                NMI_Handler
                0x08000538                CAN2_RX1_IRQHandler
                0x08000538                EXTI3_IRQHandler
                0x08000538                TIM8_TRG_COM_TIM14_IRQHandler
                0x08000538                TIM1_UP_TIM10_IRQHandler
                0x08000538                FMPI2C1_error_IRQHandler
                0x08000538                TIM8_UP_TIM13_IRQHandler
                0x08000538                I2C3_ER_IRQHandler
                0x08000538                EXTI0_IRQHandler
                0x08000538                I2C2_EV_IRQHandler
                0x08000538                DMA1_Stream2_IRQHandler
                0x08000538                CAN1_RX0_IRQHandler
                0x08000538                OTG_HS_WKUP_IRQHandler
                0x08000538                UsageFault_Handler
                0x08000538                CAN2_SCE_IRQHandler
                0x08000538                DMA2_Stream2_IRQHandler
                0x08000538                SPI1_IRQHandler
                0x08000538                TIM6_DAC_IRQHandler
                0x08000538                TIM1_BRK_TIM9_IRQHandler
                0x08000538                DCMI_IRQHandler
                0x08000538                CAN2_RX0_IRQHandler
                0x08000538                DMA2_Stream3_IRQHandler
                0x08000538                FMPI2C1_IRQHandler
                0x08000538                SAI2_IRQHandler
                0x08000538                USART6_IRQHandler
                0x08000538                USART3_IRQHandler
                0x08000538                CAN1_RX1_IRQHandler
                0x08000538                UART5_IRQHandler
                0x08000538                DMA2_Stream0_IRQHandler
                0x08000538                TIM4_IRQHandler
                0x08000538                I2C1_EV_IRQHandler
                0x08000538                HDMI_CEC_IRQHandler
                0x08000538                DMA1_Stream6_IRQHandler
                0x08000538                DMA1_Stream1_IRQHandler
                0x08000538                UART4_IRQHandler
                0x08000538                TIM3_IRQHandler
                0x08000538                RCC_IRQHandler
                0x08000538                TIM8_BRK_TIM12_IRQHandler
                0x08000538                Default_Handler
                0x08000538                EXTI15_10_IRQHandler
                0x08000538                ADC_IRQHandler
                0x08000538                DMA1_Stream7_IRQHandler
                0x08000538                TIM7_IRQHandler
                0x08000538                CAN2_TX_IRQHandler
                0x08000538                TIM5_IRQHandler
                0x08000538                DMA2_Stream7_IRQHandler
                0x08000538                I2C3_EV_IRQHandler
                0x08000538                EXTI9_5_IRQHandler
                0x08000538                RTC_WKUP_IRQHandler
                0x08000538                SPI2_IRQHandler
                0x08000538                OTG_HS_EP1_IN_IRQHandler
                0x08000538                MemManage_Handler
                0x08000538                DMA1_Stream0_IRQHandler
                0x08000538                CAN1_TX_IRQHandler
                0x08000538                SVC_Handler
                0x08000538                EXTI4_IRQHandler
                0x08000538                OTG_HS_EP1_OUT_IRQHandler
                0x08000538                WWDG_IRQHandler
                0x08000538                TIM2_IRQHandler
                0x08000538                OTG_FS_WKUP_IRQHandler
                0x08000538                TIM1_TRG_COM_TIM11_IRQHandler
                0x08000538                OTG_HS_IRQHandler
                0x08000538                EXTI1_IRQHandler
                0x08000538                USART2_IRQHandler
                0x08000538                I2C2_ER_IRQHandler
                0x08000538                DMA2_Stream1_IRQHandler
                0x08000538                CAN1_SCE_IRQHandler
                0x08000538                FLASH_IRQHandler
                0x08000538                DMA2_Stream4_IRQHandler
                0x08000538                BusFault_Handler
                0x08000538                USART1_IRQHandler
                0x08000538                OTG_FS_IRQHandler
                0x08000538                SPI3_IRQHandler
                0x08000538                DMA1_Stream4_IRQHandler
                0x08000538                I2C1_ER_IRQHandler
                0x08000538                FMC_IRQHandler
                0x08000538                DMA2_Stream6_IRQHandler
                0x08000538                SAI1_IRQHandler
                0x08000538                RTC_Alarm_IRQHandler
 *fill*         0x0800053a        0x2 
 .text.__libc_init_array
                0x0800053c       0x48 /Applications/STM32CubeIDE.app/Contents/Eclipse/plugins/com.st.stm32cube.ide.mcu.externaltools.gnu-tools-for-stm32.13.3.rel1.macos64_1.0.100.202509120712/tools/bin/../lib/gcc/arm-none-eabi/13.3.1/../../../../arm-none-eabi/lib/thumb/v7e-m+fp/hard/libc_nano.a(libc_a-init.o)
                0x0800053c                __libc_init_array
 *(.glue_7)
 .glue_7        0x08000584        0x0 linker stubs
 *(.glue_7t)
 .glue_7t       0x08000584        0x0 linker stubs
 *(.eh_frame)
 .eh_frame      0x08000584        0x0 /Applications/STM32CubeIDE.app/Contents/Eclipse/plugins/com.st.stm32cube.ide.mcu.externaltools.gnu-tools-for-stm32.13.3.rel1.macos64_1.0.100.202509120712/tools/bin/../lib/gcc/arm-none-eabi/13.3.1/thumb/v7e-m+fp/hard/crtbegin.o
 *(.init)
 .init          0x08000584        0x4 /Applications/STM32CubeIDE.app/Contents/Eclipse/plugins/com.st.stm32cube.ide.mcu.externaltools.gnu-tools-for-stm32.13.3.rel1.macos64_1.0.100.202509120712/tools/bin/../lib/gcc/arm-none-eabi/13.3.1/thumb/v7e-m+fp/hard/crti.o
                0x08000584                _init
 .init          0x08000588        0x8 /Applications/STM32CubeIDE.app/Contents/Eclipse/plugins/com.st.stm32cube.ide.mcu.externaltools.gnu-tools-for-stm32.13.3.rel1.macos64_1.0.100.202509120712/tools/bin/../lib/gcc/arm-none-eabi/13.3.1/thumb/v7e-m+fp/hard/crtn.o
 *(.fini)
 .fini          0x08000590        0x4 /Applications/STM32CubeIDE.app/Contents/Eclipse/plugins/com.st.stm32cube.ide.mcu.externaltools.gnu-tools-for-stm32.13.3.rel1.macos64_1.0.100.202509120712/tools/bin/../lib/gcc/arm-none-eabi/13.3.1/thumb/v7e-m+fp/hard/crti.o
                0x08000590                _fini
 .fini          0x08000594        0x8 /Applications/STM32CubeIDE.app/Contents/Eclipse/plugins/com.st.stm32cube.ide.mcu.externaltools.gnu-tools-for-stm32.13.3.rel1.macos64_1.0.100.202509120712/tools/bin/../lib/gcc/arm-none-eabi/13.3.1/thumb/v7e-m+fp/hard/crtn.o
                0x0800059c                        . = ALIGN (0x4)
                0x0800059c                        _etext = .

.vfp11_veneer   0x0800059c        0x0
 .vfp11_veneer  0x0800059c        0x0 linker stubs

.v4_bx          0x0800059c        0x0
 .v4_bx         0x0800059c        0x0 linker stubs

.iplt           0x0800059c        0x0
 .iplt          0x0800059c        0x0 /Applications/STM32CubeIDE.app/Contents/Eclipse/plugins/com.st.stm32cube.ide.mcu.externaltools.gnu-tools-for-stm32.13.3.rel1.macos64_1.0.100.202509120712/tools/bin/../lib/gcc/arm-none-eabi/13.3.1/thumb/v7e-m+fp/hard/crtbegin.o

.rodata         0x0800059c        0x0
                0x0800059c                        . = ALIGN (0x4)
 *(.rodata)
 *(.rodata*)
                0x0800059c                        . = ALIGN (0x4)

.ARM.extab      0x0800059c        0x0
                0x0800059c                        . = ALIGN (0x4)
 *(.ARM.extab* .gnu.linkonce.armextab.*)
                0x0800059c                        . = ALIGN (0x4)

.ARM            0x0800059c        0x0
                0x0800059c                        . = ALIGN (0x4)
                0x0800059c                        __exidx_start = .
 *(.ARM.exidx*)
                0x0800059c                        __exidx_end = .
                0x0800059c                        . = ALIGN (0x4)

.preinit_array  0x0800059c        0x0
                0x0800059c                        . = ALIGN (0x4)
                0x0800059c                        PROVIDE (__preinit_array_start = .)
 *(.preinit_array*)
                0x0800059c                        PROVIDE (__preinit_array_end = .)
                0x0800059c                        . = ALIGN (0x4)

.init_array     0x0800059c        0x4
                0x0800059c                        . = ALIGN (0x4)
                0x0800059c                        PROVIDE (__init_array_start = .)
 *(SORT_BY_NAME(.init_array.*))
 *(.init_array*)
 .init_array    0x0800059c        0x4 /Applications/STM32CubeIDE.app/Contents/Eclipse/plugins/com.st.stm32cube.ide.mcu.externaltools.gnu-tools-for-stm32.13.3.rel1.macos64_1.0.100.202509120712/tools/bin/../lib/gcc/arm-none-eabi/13.3.1/thumb/v7e-m+fp/hard/crtbegin.o
                0x080005a0                        PROVIDE (__init_array_end = .)
                0x080005a0                        . = ALIGN (0x4)

.fini_array     0x080005a0        0x4
                0x080005a0                        . = ALIGN (0x4)
                [!provide]                        PROVIDE (__fini_array_start = .)
 *(SORT_BY_NAME(.fini_array.*))
 *(.fini_array*)
 .fini_array    0x080005a0        0x4 /Applications/STM32CubeIDE.app/Contents/Eclipse/plugins/com.st.stm32cube.ide.mcu.externaltools.gnu-tools-for-stm32.13.3.rel1.macos64_1.0.100.202509120712/tools/bin/../lib/gcc/arm-none-eabi/13.3.1/thumb/v7e-m+fp/hard/crtbegin.o
                [!provide]                        PROVIDE (__fini_array_end = .)
                0x080005a4                        . = ALIGN (0x4)
                0x080005a4                        _sidata = LOADADDR (.data)

.rel.dyn        0x080005a4        0x0
 .rel.iplt      0x080005a4        0x0 /Applications/STM32CubeIDE.app/Contents/Eclipse/plugins/com.st.stm32cube.ide.mcu.externaltools.gnu-tools-for-stm32.13.3.rel1.macos64_1.0.100.202509120712/tools/bin/../lib/gcc/arm-none-eabi/13.3.1/thumb/v7e-m+fp/hard/crtbegin.o

.data           0x20000000       0x14 load address 0x080005a4
                0x20000000                        . = ALIGN (0x4)
                0x20000000                        _sdata = .
 *(.data)
 .data          0x20000000       0x12 ./Src/main.o
 *(.data*)
 *(.RamFunc)
 *(.RamFunc*)
                0x20000014                        . = ALIGN (0x4)
 *fill*         0x20000012        0x2 
                0x20000014                        _edata = .

.igot.plt       0x20000014        0x0 load address 0x080005b8
 .igot.plt      0x20000014        0x0 /Applications/STM32CubeIDE.app/Contents/Eclipse/plugins/com.st.stm32cube.ide.mcu.externaltools.gnu-tools-for-stm32.13.3.rel1.macos64_1.0.100.202509120712/tools/bin/../lib/gcc/arm-none-eabi/13.3.1/thumb/v7e-m+fp/hard/crtbegin.o
                0x20000014                        . = ALIGN (0x4)

.bss            0x20000014       0x1c load address 0x080005b8
                0x20000014                        _sbss = .
                0x20000014                        __bss_start__ = _sbss
 *(.bss)
 .bss           0x20000014       0x1c /Applications/STM32CubeIDE.app/Contents/Eclipse/plugins/com.st.stm32cube.ide.mcu.externaltools.gnu-tools-for-stm32.13.3.rel1.macos64_1.0.100.202509120712/tools/bin/../lib/gcc/arm-none-eabi/13.3.1/thumb/v7e-m+fp/hard/crtbegin.o
 *(.bss*)
 *(COMMON)
                0x20000030                        . = ALIGN (0x4)
                0x20000030                        _ebss = .
                0x20000030                        __bss_end__ = _ebss

._user_heap_stack
                0x20000030      0x600 load address 0x080005b8
                0x20000030                        . = ALIGN (0x8)
                [!provide]                        PROVIDE (end = .)
                0x20000030                        PROVIDE (_end = .)
                0x20000230                        . = (. + _Min_Heap_Size)
 *fill*         0x20000030      0x200 
                0x20000630                        . = (. + _Min_Stack_Size)
 *fill*         0x20000230      0x400 
                0x20000630                        . = ALIGN (0x8)

/DISCARD/
 libc.a(*)
 libm.a(*)
 libgcc.a(*)

.ARM.attributes
                0x00000000       0x30
 *(.ARM.attributes)
 .ARM.attributes
                0x00000000       0x22 /Applications/STM32CubeIDE.app/Contents/Eclipse/plugins/com.st.stm32cube.ide.mcu.externaltools.gnu-tools-for-stm32.13.3.rel1.macos64_1.0.100.202509120712/tools/bin/../lib/gcc/arm-none-eabi/13.3.1/thumb/v7e-m+fp/hard/crti.o
 .ARM.attributes
                0x00000022       0x34 /Applications/STM32CubeIDE.app/Contents/Eclipse/plugins/com.st.stm32cube.ide.mcu.externaltools.gnu-tools-for-stm32.13.3.rel1.macos64_1.0.100.202509120712/tools/bin/../lib/gcc/arm-none-eabi/13.3.1/thumb/v7e-m+fp/hard/crtbegin.o
 .ARM.attributes
                0x00000056       0x25 ./Src/ADC.o
 .ARM.attributes
                0x0000007b       0x25 ./Src/DMA.o
 .ARM.attributes
                0x000000a0       0x25 ./Src/Itoa.o
 .ARM.attributes
                0x000000c5       0x25 ./Src/Tim2.o
 .ARM.attributes
                0x000000ea       0x25 ./Src/lab_uart.o
 .ARM.attributes
                0x0000010f       0x25 ./Src/main.o
 .ARM.attributes
                0x00000134       0x21 ./Startup/startup_stm32f446retx.o
 .ARM.attributes
                0x00000155       0x34 /Applications/STM32CubeIDE.app/Contents/Eclipse/plugins/com.st.stm32cube.ide.mcu.externaltools.gnu-tools-for-stm32.13.3.rel1.macos64_1.0.100.202509120712/tools/bin/../lib/gcc/arm-none-eabi/13.3.1/../../../../arm-none-eabi/lib/thumb/v7e-m+fp/hard/libc_nano.a(libc_a-init.o)
 .ARM.attributes
                0x00000189       0x22 /Applications/STM32CubeIDE.app/Contents/Eclipse/plugins/com.st.stm32cube.ide.mcu.externaltools.gnu-tools-for-stm32.13.3.rel1.macos64_1.0.100.202509120712/tools/bin/../lib/gcc/arm-none-eabi/13.3.1/thumb/v7e-m+fp/hard/crtn.o
OUTPUT(STM32_TEMP_DATA_ACQUISATION_SYSTEM.elf elf32-littlearm)
LOAD linker stubs
LOAD /Applications/STM32CubeIDE.app/Contents/Eclipse/plugins/com.st.stm32cube.ide.mcu.externaltools.gnu-tools-for-stm32.13.3.rel1.macos64_1.0.100.202509120712/tools/bin/../lib/gcc/arm-none-eabi/13.3.1/../../../../arm-none-eabi/lib/thumb/v7e-m+fp/hard/libc.a
LOAD /Applications/STM32CubeIDE.app/Contents/Eclipse/plugins/com.st.stm32cube.ide.mcu.externaltools.gnu-tools-for-stm32.13.3.rel1.macos64_1.0.100.202509120712/tools/bin/../lib/gcc/arm-none-eabi/13.3.1/../../../../arm-none-eabi/lib/thumb/v7e-m+fp/hard/libm.a
LOAD /Applications/STM32CubeIDE.app/Contents/Eclipse/plugins/com.st.stm32cube.ide.mcu.externaltools.gnu-tools-for-stm32.13.3.rel1.macos64_1.0.100.202509120712/tools/bin/../lib/gcc/arm-none-eabi/13.3.1/thumb/v7e-m+fp/hard/libgcc.a

.debug_line     0x00000000      0x33c
 .debug_line    0x00000000       0x7c ./Src/ADC.o
 .debug_line    0x0000007c       0x97 ./Src/DMA.o
 .debug_line    0x00000113       0x6f ./Src/Itoa.o
 .debug_line    0x00000182       0x5f ./Src/Tim2.o
 .debug_line    0x000001e1       0x76 ./Src/lab_uart.o
 .debug_line    0x00000257       0x6a ./Src/main.o
 .debug_line    0x000002c1       0x7b ./Startup/startup_stm32f446retx.o

.debug_line_str
                0x00000000       0xb1
 .debug_line_str
                0x00000000       0xb1 ./Src/ADC.o
                                 0x68 (size before relaxing)
 .debug_line_str
                0x000000b1        0x0 ./Src/DMA.o
                                 0x68 (size before relaxing)
 .debug_line_str
                0x000000b1        0x0 ./Src/Itoa.o
                                 0x69 (size before relaxing)
 .debug_line_str
                0x000000b1        0x0 ./Src/Tim2.o
                                 0x69 (size before relaxing)
 .debug_line_str
                0x000000b1        0x0 ./Src/lab_uart.o
                                 0x6d (size before relaxing)
 .debug_line_str
                0x000000b1        0x0 ./Src/main.o
                                 0x69 (size before relaxing)
 .debug_line_str
                0x000000b1        0x0 ./Startup/startup_stm32f446retx.o
                                 0x7e (size before relaxing)

.debug_info     0x00000000      0x10a
 .debug_info    0x00000000       0x25 ./Src/ADC.o
 .debug_info    0x00000025       0x25 ./Src/DMA.o
 .debug_info    0x0000004a       0x24 ./Src/Itoa.o
 .debug_info    0x0000006e       0x24 ./Src/Tim2.o
 .debug_info    0x00000092       0x24 ./Src/lab_uart.o
 .debug_info    0x000000b6       0x24 ./Src/main.o
 .debug_info    0x000000da       0x30 ./Startup/startup_stm32f446retx.o

.debug_abbrev   0x00000000       0x9c
 .debug_abbrev  0x00000000       0x14 ./Src/ADC.o
 .debug_abbrev  0x00000014       0x14 ./Src/DMA.o
 .debug_abbrev  0x00000028       0x14 ./Src/Itoa.o
 .debug_abbrev  0x0000003c       0x14 ./Src/Tim2.o
 .debug_abbrev  0x00000050       0x14 ./Src/lab_uart.o
 .debug_abbrev  0x00000064       0x14 ./Src/main.o
 .debug_abbrev  0x00000078       0x24 ./Startup/startup_stm32f446retx.o

.debug_aranges  0x00000000       0xe8
 .debug_aranges
                0x00000000       0x20 ./Src/ADC.o
 .debug_aranges
                0x00000020       0x20 ./Src/DMA.o
 .debug_aranges
                0x00000040       0x20 ./Src/Itoa.o
 .debug_aranges
                0x00000060       0x20 ./Src/Tim2.o
 .debug_aranges
                0x00000080       0x20 ./Src/lab_uart.o
 .debug_aranges
                0x000000a0       0x20 ./Src/main.o
 .debug_aranges
                0x000000c0       0x28 ./Startup/startup_stm32f446retx.o

.debug_str      0x00000000       0xf0
 .debug_str     0x00000000       0xf0 ./Src/ADC.o
                                 0x76 (size before relaxing)
 .debug_str     0x000000f0        0x0 ./Src/DMA.o
                                 0x76 (size before relaxing)
 .debug_str     0x000000f0        0x0 ./Src/Itoa.o
                                 0x77 (size before relaxing)
 .debug_str     0x000000f0        0x0 ./Src/Tim2.o
                                 0x77 (size before relaxing)
 .debug_str     0x000000f0        0x0 ./Src/lab_uart.o
                                 0x7b (size before relaxing)
 .debug_str     0x000000f0        0x0 ./Src/main.o
                                 0x77 (size before relaxing)
 .debug_str     0x000000f0        0x0 ./Startup/startup_stm32f446retx.o
                                 0x9a (size before relaxing)

.debug_rnglists
                0x00000000       0x19
 .debug_rnglists
                0x00000000       0x19 ./Startup/startup_stm32f446retx.o

.debug_frame    0x00000000       0x2c
 .debug_frame   0x00000000       0x2c /Applications/STM32CubeIDE.app/Contents/Eclipse/plugins/com.st.stm32cube.ide.mcu.externaltools.gnu-tools-for-stm32.13.3.rel1.macos64_1.0.100.202509120712/tools/bin/../lib/gcc/arm-none-eabi/13.3.1/../../../../arm-none-eabi/lib/thumb/v7e-m+fp/hard/libc_nano.a(libc_a-init.o)
